\BOOKMARK [0][-]{chapter.1}{\376\377\000T\036\353\000\040\000M\000o\000n\000o\000l\000i\000t\000h\000i\000c\000\040\001\021\036\277\000n\000\040\000M\000i\000c\000r\000o\000s\000e\000r\000v\000i\000c\000e\000\040\000v\000\340\000\040\000D\000D\000D}{}% 1
\BOOKMARK [1][-]{section.1.1}{\376\377\000K\000i\036\277\000n\000\040\000t\000r\000\372\000c\000\040\001\021\001\241\000n\000\040\000k\000h\036\321\000i\000\040\000\050\000M\000o\000n\000o\000l\000i\000t\000h\000i\000c\000\040\000A\000r\000c\000h\000i\000t\000e\000c\000t\000u\000r\000e\000\051}{chapter.1}% 2
\BOOKMARK [2][-]{subsection.1.1.1}{\376\377\000K\000h\000\341\000i\000\040\000n\000i\036\307\000m\000\040\000v\000\340\000\040\000B\036\243\000n\000\040\000c\000h\036\245\000t\000\040\000K\036\371\000\040\000t\000h\000u\036\255\000t}{section.1.1}% 3
\BOOKMARK [2][-]{subsection.1.1.2}{\376\377\000C\036\245\000u\000\040\000t\000r\000\372\000c\000\040\000P\000h\000\342\000n\000\040\000l\036\333\000p\000\040\001\021\000i\036\303\000n\000\040\000h\000\354\000n\000h}{section.1.1}% 4
\BOOKMARK [2][-]{subsection.1.1.3}{\376\377\001\257\000u\000\040\001\021\000i\036\303\000m\000\040\000v\000\340\000\040\000H\036\241\000n\000\040\000c\000h\036\277\000\040\000t\000r\000o\000n\000g\000\040\000V\036\255\000n\000\040\000h\000\340\000n\000h}{section.1.1}% 5
\BOOKMARK [1][-]{section.1.2}{\376\377\000K\000i\036\277\000n\000\040\000t\000r\000\372\000c\000\040\000D\036\313\000c\000h\000\040\000v\036\345\000\040\000n\000h\036\317\000\040\000\050\000M\000i\000c\000r\000o\000s\000e\000r\000v\000i\000c\000e\000s\000\040\000A\000r\000c\000h\000i\000t\000e\000c\000t\000u\000r\000e\000\051}{chapter.1}% 6
\BOOKMARK [2][-]{subsection.1.2.1}{\376\377\000T\000r\000i\036\277\000t\000\040\000l\000\375\000\040\000t\000h\000i\036\277\000t\000\040\000k\036\277\000\040\000v\000\340\000\040\001\020\036\267\000c\000\040\001\021\000i\036\303\000m\000\040\000c\036\321\000t\000\040\000l\000\365\000i}{section.1.2}% 7
\BOOKMARK [2][-]{subsection.1.2.2}{\376\377\000H\036\307\000\040\000s\000i\000n\000h\000\040\000t\000h\000\341\000i\000\040\000v\000\340\000\040\000C\000\341\000c\000\040\000t\000h\000\340\000n\000h\000\040\000p\000h\036\247\000n\000\040\000b\036\325\000\040\000t\000r\036\343}{section.1.2}% 8
\BOOKMARK [2][-]{subsection.1.2.3}{\376\377\000T\000h\000\341\000c\000h\000\040\000t\000h\036\351\000c\000\040\000v\036\301\000\040\000Q\000u\036\243\000n\000\040\000t\000r\036\313\000\040\000v\000\340\000\040\000N\000h\036\245\000t\000\040\000q\000u\000\341\000n\000\040\000d\036\357\000\040\000l\000i\036\307\000u}{section.1.2}% 9
\BOOKMARK [1][-]{section.1.3}{\376\377\000P\000h\000\342\000n\000\040\000t\000\355\000c\000h\000\040\000s\000o\000\040\000s\000\341\000n\000h\000:\000\040\000K\000h\000i\000\040\000n\000\340\000o\000\040\000n\000\352\000n\000\040\000c\000h\000u\000y\036\303\000n\000\040\001\021\036\325\000i\000?}{chapter.1}% 10
\BOOKMARK [1][-]{section.1.4}{\376\377\000T\000h\000i\036\277\000t\000\040\000k\036\277\000\040\000h\001\260\036\333\000n\000g\000\040\000t\000\352\000n\000\040\000m\000i\036\301\000n\000\040\000\050\000D\000o\000m\000a\000i\000n\000-\000D\000r\000i\000v\000e\000n\000\040\000D\000e\000s\000i\000g\000n\000\040\000-\000\040\000D\000D\000D\000\051}{chapter.1}% 11
\BOOKMARK [2][-]{subsection.1.4.1}{\376\377\000T\036\241\000i\000\040\000s\000a\000o\000\040\000D\000D\000D\000\040\000l\000\340\000\040\000c\000h\000\354\000a\000\040\000k\000h\000\363\000a\000\040\000c\000h\000o\000\040\000M\000i\000c\000r\000o\000s\000e\000r\000v\000i\000c\000e\000s\000?}{section.1.4}% 12
\BOOKMARK [2][-]{subsection.1.4.2}{\376\377\000C\000h\000i\036\277\000n\000\040\000l\001\260\036\343\000c\000\040\000t\000h\000i\036\277\000t\000\040\000k\036\277\000\040\000\050\000S\000t\000r\000a\000t\000e\000g\000i\000c\000\040\000D\000e\000s\000i\000g\000n\000\051}{section.1.4}% 13
\BOOKMARK [2][-]{subsection.1.4.3}{\376\377\000C\000o\000n\000t\000e\000x\000t\000\040\000M\000a\000p\000p\000i\000n\000g\000:\000\040\000B\036\243\000n\000\040\001\021\036\323\000\040\000t\001\260\001\241\000n\000g\000\040\000t\000\341\000c}{section.1.4}% 14
\BOOKMARK [2][-]{subsection.1.4.4}{\376\377\000T\000h\000i\036\277\000t\000\040\000k\036\277\000\040\000k\036\371\000\040\000t\000h\000u\036\255\000t\000\040\000\050\000T\000a\000c\000t\000i\000c\000a\000l\000\040\000D\000e\000s\000i\000g\000n\000\051}{section.1.4}% 15
\BOOKMARK [0][-]{chapter.2}{\376\377\000P\000h\000\341\000t\000\040\000t\000r\000i\036\303\000n\000\040\000H\036\307\000\040\000t\000h\036\321\000n\000g\000\040\000E\000-\000C\000o\000m\000m\000e\000r\000c\000e\000\040\000d\036\361\000a\000\040\000t\000r\000\352\000n\000\040\000M\000i\000c\000r\000o\000s\000e\000r\000v\000i\000c\000e\000s}{}% 16
\BOOKMARK [1][-]{section.2.1}{\376\377\000X\000\341\000c\000\040\001\021\036\313\000n\000h\000\040\000y\000\352\000u\000\040\000c\036\247\000u\000\040\000h\036\307\000\040\000t\000h\036\321\000n\000g}{chapter.2}% 17
\BOOKMARK [2][-]{subsection.2.1.1}{\376\377\000Y\000\352\000u\000\040\000c\036\247\000u\000\040\000c\000h\036\351\000c\000\040\000n\001\003\000n\000g\000\040\000\050\000F\000u\000n\000c\000t\000i\000o\000n\000a\000l\000\040\000R\000e\000q\000u\000i\000r\000e\000m\000e\000n\000t\000s\000\051}{section.2.1}% 18
\BOOKMARK [2][-]{subsection.2.1.2}{\376\377\000Y\000\352\000u\000\040\000c\036\247\000u\000\040\000p\000h\000i\000\040\000c\000h\036\351\000c\000\040\000n\001\003\000n\000g\000\040\000\050\000N\000o\000n\000-\000f\000u\000n\000c\000t\000i\000o\000n\000a\000l\000\040\000R\000e\000q\000u\000i\000r\000e\000m\000e\000n\000t\000s\000\051}{section.2.1}% 19
\BOOKMARK [1][-]{section.2.2}{\376\377\000P\000h\000\342\000n\000\040\000r\000\343\000\040\000h\036\307\000\040\000t\000h\036\321\000n\000g\000\040\000t\000h\000e\000o\000\040\000t\000h\000i\036\277\000t\000\040\000k\036\277\000\040\000h\001\260\036\333\000n\000g\000\040\000t\000\352\000n\000\040\000m\000i\036\301\000n\000\040\000\050\000D\000D\000D\000\051}{chapter.2}% 20
\BOOKMARK [2][-]{subsection.2.2.1}{\376\377\000X\000\341\000c\000\040\001\021\036\313\000n\000h\000\040\000c\000\341\000c\000\040\000N\000g\036\357\000\040\000c\036\243\000n\000h\000\040\000b\000a\000o\000\040\001\021\000\363\000n\000g\000\040\000\050\000B\000o\000u\000n\000d\000e\000d\000\040\000C\000o\000n\000t\000e\000x\000t\000s\000\051}{section.2.2}% 21
\BOOKMARK [2][-]{subsection.2.2.2}{\376\377\000C\000\341\000c\000\040\000n\000g\000u\000y\000\352\000n\000\040\000t\036\257\000c\000\040\000v\000\340\000\040\000r\000\340\000n\000g\000\040\000b\000u\036\331\000c\000\040\000k\000i\036\277\000n\000\040\000t\000r\000\372\000c}{section.2.2}% 22
\BOOKMARK [1][-]{section.2.3}{\376\377\000T\000h\000i\036\277\000t\000\040\000k\036\277\000\040\000v\000\340\000\040\000T\000r\000i\036\303\000n\000\040\000k\000h\000a\000i\000\040\000C\000u\000s\000t\000o\000m\000e\000r\000\040\000S\000e\000r\000v\000i\000c\000e}{chapter.2}% 23
\BOOKMARK [2][-]{subsection.2.3.1}{\376\377\000L\000o\000g\000i\000c\000\040\000n\000g\000h\000i\036\307\000p\000\040\000v\036\345}{section.2.3}% 24
\BOOKMARK [2][-]{subsection.2.3.2}{\376\377\000M\000\364\000\040\000h\000\354\000n\000h\000\040\000d\036\357\000\040\000l\000i\036\307\000u\000\040\000\050\000D\000a\000t\000a\000\040\000M\000o\000d\000e\000l\000s\000\051}{section.2.3}% 25
\BOOKMARK [2][-]{subsection.2.3.3}{\376\377\000T\000h\000i\036\277\000t\000\040\000k\036\277\000\040\000C\000S\000D\000L}{section.2.3}% 26
\BOOKMARK [2][-]{subsection.2.3.4}{\376\377\000X\000\342\000y\000\040\000d\036\361\000n\000g\000\040\000c\001\241\000\040\000s\036\337\000\040\000d\036\357\000\040\000l\000i\036\307\000u}{section.2.3}% 27
\BOOKMARK [2][-]{subsection.2.3.5}{\376\377\000G\000i\000a\000o\000\040\000d\000i\036\307\000n\000\040\000l\036\255\000p\000\040\000t\000r\000\354\000n\000h\000\040\036\351\000n\000g\000\040\000d\036\345\000n\000g\000\040\000\050\000A\000P\000I\000\040\000E\000n\000d\000p\000o\000i\000n\000t\000s\000\051}{section.2.3}% 28
\BOOKMARK [1][-]{section.2.4}{\376\377\000T\000h\000i\036\277\000t\000\040\000k\036\277\000\040\000v\000\340\000\040\000T\000r\000i\036\303\000n\000\040\000k\000h\000a\000i\000\040\000L\000a\000p\000t\000o\000p\000\040\000S\000e\000r\000v\000i\000c\000e}{chapter.2}% 29
\BOOKMARK [2][-]{subsection.2.4.1}{\376\377\000L\000o\000g\000i\000c\000\040\000n\000g\000h\000i\036\307\000p\000\040\000v\036\345}{section.2.4}% 30
\BOOKMARK [2][-]{subsection.2.4.2}{\376\377\000M\000\364\000\040\000h\000\354\000n\000h\000\040\000d\036\357\000\040\000l\000i\036\307\000u\000\040\000\050\000D\000a\000t\000a\000\040\000M\000o\000d\000e\000l\000s\000\051}{section.2.4}% 31
\BOOKMARK [2][-]{subsection.2.4.3}{\376\377\000T\000h\000i\036\277\000t\000\040\000k\036\277\000\040\000C\000S\000D\000L}{section.2.4}% 32
\BOOKMARK [2][-]{subsection.2.4.4}{\376\377\000X\000\342\000y\000\040\000d\036\361\000n\000g\000\040\000c\001\241\000\040\000s\036\337\000\040\000d\036\357\000\040\000l\000i\036\307\000u}{section.2.4}% 33
\BOOKMARK [2][-]{subsection.2.4.5}{\376\377\000G\000i\000a\000o\000\040\000d\000i\036\307\000n\000\040\000l\036\255\000p\000\040\000t\000r\000\354\000n\000h\000\040\036\351\000n\000g\000\040\000d\036\345\000n\000g\000\040\000\050\000A\000P\000I\000\040\000E\000n\000d\000p\000o\000i\000n\000t\000s\000\051}{section.2.4}% 34
\BOOKMARK [1][-]{section.2.5}{\376\377\000T\000h\000i\036\277\000t\000\040\000k\036\277\000\040\000v\000\340\000\040\000T\000r\000i\036\303\000n\000\040\000k\000h\000a\000i\000\040\000M\000o\000b\000i\000l\000e\000\040\000S\000e\000r\000v\000i\000c\000e}{chapter.2}% 35
\BOOKMARK [2][-]{subsection.2.5.1}{\376\377\000L\000o\000g\000i\000c\000\040\000n\000g\000h\000i\036\307\000p\000\040\000v\036\345}{section.2.5}% 36
\BOOKMARK [2][-]{subsection.2.5.2}{\376\377\000M\000\364\000\040\000h\000\354\000n\000h\000\040\000d\036\357\000\040\000l\000i\036\307\000u\000\040\000\050\000D\000a\000t\000a\000\040\000M\000o\000d\000e\000l\000s\000\051}{section.2.5}% 37
\BOOKMARK [2][-]{subsection.2.5.3}{\376\377\000T\000h\000i\036\277\000t\000\040\000k\036\277\000\040\000C\000S\000D\000L}{section.2.5}% 38
\BOOKMARK [2][-]{subsection.2.5.4}{\376\377\000X\000\342\000y\000\040\000d\036\361\000n\000g\000\040\000c\001\241\000\040\000s\036\337\000\040\000d\036\357\000\040\000l\000i\036\307\000u}{section.2.5}% 39
\BOOKMARK [2][-]{subsection.2.5.5}{\376\377\000G\000i\000a\000o\000\040\000d\000i\036\307\000n\000\040\000l\036\255\000p\000\040\000t\000r\000\354\000n\000h\000\040\036\351\000n\000g\000\040\000d\036\345\000n\000g\000\040\000\050\000A\000P\000I\000\040\000E\000n\000d\000p\000o\000i\000n\000t\000s\000\051}{section.2.5}% 40
\BOOKMARK [1][-]{section.2.6}{\376\377\000T\000h\000i\036\277\000t\000\040\000k\036\277\000\040\000v\000\340\000\040\000T\000r\000i\036\303\000n\000\040\000k\000h\000a\000i\000\040\000S\000t\000a\000f\000f\000\040\000S\000e\000r\000v\000i\000c\000e}{chapter.2}% 41
\BOOKMARK [2][-]{subsection.2.6.1}{\376\377\000L\000o\000g\000i\000c\000\040\000n\000g\000h\000i\036\307\000p\000\040\000v\036\345}{section.2.6}% 42
\BOOKMARK [2][-]{subsection.2.6.2}{\376\377\000M\000\364\000\040\000h\000\354\000n\000h\000\040\000d\036\357\000\040\000l\000i\036\307\000u\000\040\000\050\000D\000a\000t\000a\000\040\000M\000o\000d\000e\000l\000s\000\051}{section.2.6}% 43
\BOOKMARK [2][-]{subsection.2.6.3}{\376\377\000T\000h\000i\036\277\000t\000\040\000k\036\277\000\040\000C\000S\000D\000L}{section.2.6}% 44
\BOOKMARK [2][-]{subsection.2.6.4}{\376\377\000X\000\342\000y\000\040\000d\036\361\000n\000g\000\040\000c\001\241\000\040\000s\036\337\000\040\000d\036\357\000\040\000l\000i\036\307\000u}{section.2.6}% 45
\BOOKMARK [2][-]{subsection.2.6.5}{\376\377\000G\000i\000a\000o\000\040\000d\000i\036\307\000n\000\040\000l\036\255\000p\000\040\000t\000r\000\354\000n\000h\000\040\036\351\000n\000g\000\040\000d\036\345\000n\000g\000\040\000\050\000A\000P\000I\000\040\000E\000n\000d\000p\000o\000i\000n\000t\000s\000\051}{section.2.6}% 46
\BOOKMARK [0][-]{chapter.3}{\376\377\000A\000I\000\040\000S\000e\000r\000v\000i\000c\000e}{}% 47
\BOOKMARK [1][-]{section.3.1}{\376\377\000M\036\345\000c\000\040\001\021\000\355\000c\000h\000\040\000c\036\347\000a\000\040\000A\000I\000\040\000S\000e\000r\000v\000i\000c\000e}{chapter.3}% 48
\BOOKMARK [1][-]{section.3.2}{\376\377\000K\000i\036\277\000n\000\040\000t\000r\000\372\000c\000\040\000t\036\325\000n\000g\000\040\000q\000u\000a\000n\000\040\000A\000I\000\040\000S\000e\000r\000v\000i\000c\000e}{chapter.3}% 49
\BOOKMARK [1][-]{section.3.3}{\376\377\000L\000o\000g\000i\000c\000\040\000h\000o\036\241\000t\000\040\001\021\036\331\000n\000g\000\040\000c\036\347\000a\000\040\000C\000h\000a\000t\000b\000o\000t}{chapter.3}% 50
\BOOKMARK [1][-]{section.3.4}{\376\377\000K\000i\036\277\000n\000\040\000t\000r\000\372\000c\000\040\000M\000\364\000\040\000h\000\354\000n\000h\000\040\000A\000I\000\040\000s\036\355\000\040\000d\036\345\000n\000g}{chapter.3}% 51
\BOOKMARK [1][-]{section.3.5}{\376\377\000K\000n\000o\000w\000l\000e\000d\000g\000e\000\040\000B\000a\000s\000e\000\040\000v\000\340\000\040\000N\000e\000o\0004\000j}{chapter.3}% 52
\BOOKMARK [1][-]{section.3.6}{\376\377\000K\036\371\000\040\000t\000h\000u\036\255\000t\000\040\000R\000A\000G\000\040\000\050\000R\000e\000t\000r\000i\000e\000v\000a\000l\000-\000A\000u\000g\000m\000e\000n\000t\000e\000d\000\040\000G\000e\000n\000e\000r\000a\000t\000i\000o\000n\000\051}{chapter.3}% 53
\BOOKMARK [1][-]{section.3.7}{\376\377\000K\000i\036\277\000n\000\040\000t\000r\000\372\000c\000\040\000A\000P\000I\000\040\000G\000a\000t\000e\000w\000a\000y\000\040\000v\000\340\000\040\001\020\000i\036\301\000u\000\040\000p\000h\036\321\000i}{chapter.3}% 54
